ASxxxx Linker V03.00 + NoICE + sdld,  page 1.
Hexadecimal  [32-Bits]

Area                                    Addr        Size        Decimal Bytes (Attributes)
--------------------------------        ----        ----        ------- ----- ------------
CABS                                00000000    00000000 =           0. bytes (ABS,CON,CODE)

      Value  Global                              Global Defined In Module
      -----  --------------------------------   ------------------------
C:   00000000  l_BIT_BANK                      
C:   00000000  l_CABS                          
C:   00000000  l_CONST                         
C:   00000000  l_GSINIT1                       
C:   00000000  l_GSINIT5                       
C:   00000000  l_IABS                          
C:   00000000  l_ISEG                          
C:   00000000  l_PSEG                          
C:   00000000  l_REG_BANK_1                    
C:   00000000  l_REG_BANK_2                    
C:   00000000  l_REG_BANK_3                    
C:   00000000  l_RSEG                          
C:   00000000  l_RSEG0                         
C:   00000000  l_RSEG1                         
C:   00000000  l_XABS                          
C:   00000000  l_XINIT                         
C:   00000000  l_XISEG                         
C:   00000000  l_XSEG                          
C:   00000000  l__CODE                         
C:   00000000  s_BSEG                          
C:   00000000  s_CABS                          
C:   00000000  s_DSEG                          
C:   00000000  s_HOME                          
C:   00000000  s_IABS                          
C:   00000000  s_ISEG                          
C:   00000000  s_PSEG                          
C:   00000000  s_REG_BANK_0                    
C:   00000000  s_RSEG                          
C:   00000000  s_RSEG0                         
C:   00000000  s_RSEG1                         
C:   00000000  s_XABS                          
C:   00000000  s_XISEG                         
C:   00000000  s_XSEG                          
C:   00000001  l_BSEG_BYTES                    
C:   00000002  l_OSEG                          
C:   00000003  l_BSEG                          
C:   00000003  l_GSFINAL                       
C:   00000003  l_GSINIT0                       
C:   00000008  l_REG_BANK_0                    
C:   00000008  s_REG_BANK_1                    
C:   0000000A  l_GSINIT2                       
C:   00000010  s_REG_BANK_2                    
C:   00000018  s_BIT_BANK                      
C:   00000018  s_REG_BANK_3                    
C:   0000001D  l_GSINIT                        
C:   00000020  s_BSEG_BYTES                    
C:   00000020  s__CODE                         
C:   00000021  l_HOME                          
C:   00000021  s_GSINIT0                       
C:   00000022  l_GSINIT3                       
ASxxxx Linker V03.00 + NoICE + sdld,  page 2.
Hexadecimal  [32-Bits]

Area                                    Addr        Size        Decimal Bytes (Attributes)
--------------------------------        ----        ----        ------- ----- ------------
CABS                                00000000    00000000 =           0. bytes (ABS,CON,CODE)

      Value  Global                              Global Defined In Module
      -----  --------------------------------   ------------------------
C:   00000024  s_GSINIT1                       
C:   00000024  s_GSINIT2                       
C:   0000002A  l_GSINIT4                       
C:   0000002E  s_GSINIT3                       
C:   0000003B  s_OSEG                          
C:   0000003D  s_SSEG                          
C:   00000050  s_GSINIT4                       
C:   00000059  l_DSEG                          
C:   0000007A  s_GSINIT                        
C:   0000007A  s_GSINIT5                       
C:   00000097  s_GSFINAL                       
C:   0000009A  s_CSEG                          
C:   000000C3  l_SSEG                          
C:   00000100  l_IRAM                          
C:   000003D1  l_CSEG                          
C:   0000046B  s_CONST                         
C:   0000046B  s_XINIT                         

ASxxxx Linker V03.00 + NoICE + sdld,  page 3.
Hexadecimal  [32-Bits]

Area                                    Addr        Size        Decimal Bytes (Attributes)
--------------------------------        ----        ----        ------- ----- ------------
.  .ABS.                            00000000    00000000 =           0. bytes (ABS,CON)

      Value  Global                              Global Defined In Module
      -----  --------------------------------   ------------------------
     00000000  .__.ABS.                           _startup
     00000081  _SP                                MG82F6D17_WIZARD
     00000082  _DPL                               MG82F6D17_WIZARD
     00000083  _DPH                               MG82F6D17_WIZARD
     00000084  _SPSTAT                            MG82F6D17_WIZARD
     00000085  _SPCON                             MG82F6D17_WIZARD
     00000086  _SPDAT                             MG82F6D17_WIZARD
     00000087  _PCON0                             MG82F6D17_WIZARD
     00000088  _IT0                               MG82F6D17_WIZARD
     00000088  _TCON                              MG82F6D17_WIZARD
     00000089  _IE0                               MG82F6D17_WIZARD
     00000089  _TMOD                              MG82F6D17_WIZARD
     0000008A  _IT1                               MG82F6D17_WIZARD
     0000008A  _TL0                               MG82F6D17_WIZARD
     0000008B  _IE1                               MG82F6D17_WIZARD
     0000008B  _TL1                               MG82F6D17_WIZARD
     0000008C  _TH0                               MG82F6D17_WIZARD
     0000008C  _TR0                               MG82F6D17_WIZARD
     0000008D  _TF0                               MG82F6D17_WIZARD
     0000008D  _TH1                               MG82F6D17_WIZARD
     0000008E  _SFIE                              MG82F6D17_WIZARD
     0000008E  _TR1                               MG82F6D17_WIZARD
     0000008F  _TF1                               MG82F6D17_WIZARD
     0000008F  _XRPS                              MG82F6D17_WIZARD
     00000090  _P1                                MG82F6D17_WIZARD
     00000090  _P10                               MG82F6D17_WIZARD
     00000091  _P11                               MG82F6D17_WIZARD
     00000091  _P1M0                              MG82F6D17_WIZARD
     00000092  _P12                               MG82F6D17_WIZARD
     00000092  _P1FDC                             MG82F6D17_WIZARD
     00000092  _P1M1                              MG82F6D17_WIZARD
     00000092  _P2FDC                             MG82F6D17_WIZARD
     00000092  _P2M1                              MG82F6D17_WIZARD
     00000092  _P3FDC                             MG82F6D17_WIZARD
     00000092  _P4FDC                             MG82F6D17_WIZARD
     00000092  _P4M1                              MG82F6D17_WIZARD
     00000092  _P6M1                              MG82F6D17_WIZARD
     00000093  _P13                               MG82F6D17_WIZARD
     00000093  _T2MOD1                            MG82F6D17_WIZARD
     00000093  _T3MOD1                            MG82F6D17_WIZARD
     00000094  _DMACG0                            MG82F6D17_WIZARD
     00000094  _DMACR0                            MG82F6D17_WIZARD
     00000094  _DMADS0                            MG82F6D17_WIZARD
     00000094  _P14                               MG82F6D17_WIZARD
     00000095  _P15                               MG82F6D17_WIZARD
     00000095  _P2M0                              MG82F6D17_WIZARD
     00000095  _TREN0                             MG82F6D17_WIZARD
     00000095  _TRLC0                             MG82F6D17_WIZARD
     00000095  _TSPC0                             MG82F6D17_WIZARD
     00000096  _BOREV                             MG82F6D17_WIZARD
ASxxxx Linker V03.00 + NoICE + sdld,  page 4.
Hexadecimal  [32-Bits]

Area                                    Addr        Size        Decimal Bytes (Attributes)
--------------------------------        ----        ----        ------- ----- ------------
.  .ABS.                            00000000    00000000 =           0. bytes (ABS,CON)

      Value  Global                              Global Defined In Module
      -----  --------------------------------   ------------------------
     00000096  _P16                               MG82F6D17_WIZARD
     00000097  _P17                               MG82F6D17_WIZARD
     00000097  _PCON1                             MG82F6D17_WIZARD
     00000098  _RI0                               MG82F6D17_WIZARD
     00000098  _RI1                               MG82F6D17_WIZARD
     00000098  _S0CON                             MG82F6D17_WIZARD
     00000098  _S1BRC                             MG82F6D17_WIZARD
     00000098  _S1CON                             MG82F6D17_WIZARD
     00000099  _S0BUF                             MG82F6D17_WIZARD
     00000099  _S1BUF                             MG82F6D17_WIZARD
     00000099  _TI0                               MG82F6D17_WIZARD
     00000099  _TI1                               MG82F6D17_WIZARD
     0000009A  _RB80                              MG82F6D17_WIZARD
     0000009A  _RB81                              MG82F6D17_WIZARD
     0000009A  _S0BRT                             MG82F6D17_WIZARD
     0000009A  _S1BRT                             MG82F6D17_WIZARD
     0000009B  _S0BRC                             MG82F6D17_WIZARD
     0000009B  _TB80                              MG82F6D17_WIZARD
     0000009B  _TB81                              MG82F6D17_WIZARD
     0000009C  _REN0                              MG82F6D17_WIZARD
     0000009C  _REN1                              MG82F6D17_WIZARD
     0000009C  _S0CFG                             MG82F6D17_WIZARD
     0000009C  _S1CFG                             MG82F6D17_WIZARD
     0000009D  _S0CFG1                            MG82F6D17_WIZARD
     0000009D  _SM20                              MG82F6D17_WIZARD
     0000009D  _SM21                              MG82F6D17_WIZARD
     0000009E  _SM10                              MG82F6D17_WIZARD
     0000009E  _SM11                              MG82F6D17_WIZARD
     0000009F  _SM00                              MG82F6D17_WIZARD
     0000009F  _SM01                              MG82F6D17_WIZARD
     000000A0  _P2                                MG82F6D17_WIZARD
     000000A0  __XPAGE                            
     000000A1  _AUXR0                             MG82F6D17_WIZARD
     000000A2  _AUXR1                             MG82F6D17_WIZARD
     000000A2  _P22                               MG82F6D17_WIZARD
     000000A3  _AUXR2                             MG82F6D17_WIZARD
     000000A4  _AUXR10                            MG82F6D17_WIZARD
     000000A4  _AUXR11                            MG82F6D17_WIZARD
     000000A4  _AUXR3                             MG82F6D17_WIZARD
     000000A4  _AUXR4                             MG82F6D17_WIZARD
     000000A4  _AUXR5                             MG82F6D17_WIZARD
     000000A4  _AUXR6                             MG82F6D17_WIZARD
     000000A4  _AUXR7                             MG82F6D17_WIZARD
     000000A4  _AUXR8                             MG82F6D17_WIZARD
     000000A4  _AUXR9                             MG82F6D17_WIZARD
     000000A4  _P24                               MG82F6D17_WIZARD
     000000A5  _EIE2                              MG82F6D17_WIZARD
     000000A6  _EIP2L                             MG82F6D17_WIZARD
     000000A7  _EIP2H                             MG82F6D17_WIZARD
     000000A8  _EX0                               MG82F6D17_WIZARD
     000000A8  _IE                                MG82F6D17_WIZARD
ASxxxx Linker V03.00 + NoICE + sdld,  page 5.
Hexadecimal  [32-Bits]

Area                                    Addr        Size        Decimal Bytes (Attributes)
--------------------------------        ----        ----        ------- ----- ------------
.  .ABS.                            00000000    00000000 =           0. bytes (ABS,CON)

      Value  Global                              Global Defined In Module
      -----  --------------------------------   ------------------------
     000000A9  _ADDR                              MG82F6D17_WIZARD
     000000A9  _ET0                               MG82F6D17_WIZARD
     000000AA  _EX1                               MG82F6D17_WIZARD
     000000AB  _ET1                               MG82F6D17_WIZARD
     000000AC  _ES0                               MG82F6D17_WIZARD
     000000AC  _SFRPI                             MG82F6D17_WIZARD
     000000AD  _EIE1                              MG82F6D17_WIZARD
     000000AD  _ET2                               MG82F6D17_WIZARD
     000000AE  _EDMA                              MG82F6D17_WIZARD
     000000AE  _EIP1L                             MG82F6D17_WIZARD
     000000AF  _EA                                MG82F6D17_WIZARD
     000000AF  _EIP1H                             MG82F6D17_WIZARD
     000000B0  _P3                                MG82F6D17_WIZARD
     000000B0  _P30                               MG82F6D17_WIZARD
     000000B1  _P31                               MG82F6D17_WIZARD
     000000B1  _P3M0                              MG82F6D17_WIZARD
     000000B2  _P3M1                              MG82F6D17_WIZARD
     000000B3  _P33                               MG82F6D17_WIZARD
     000000B3  _P4M0                              MG82F6D17_WIZARD
     000000B4  _P34                               MG82F6D17_WIZARD
     000000B4  _PDRVC0                            MG82F6D17_WIZARD
     000000B4  _PDRVC1                            MG82F6D17_WIZARD
     000000B5  _P35                               MG82F6D17_WIZARD
     000000B5  _P6M0                              MG82F6D17_WIZARD
     000000B6  _RTCTM                             MG82F6D17_WIZARD
     000000B7  _IP0H                              MG82F6D17_WIZARD
     000000B8  _IP0L                              MG82F6D17_WIZARD
     000000B8  _PX0L                              MG82F6D17_WIZARD
     000000B9  _PT0L                              MG82F6D17_WIZARD
     000000B9  _S0CR1                             MG82F6D17_WIZARD
     000000B9  _SADEN                             MG82F6D17_WIZARD
     000000BA  _PX1L                              MG82F6D17_WIZARD
     000000BB  _PT1L                              MG82F6D17_WIZARD
     000000BC  _PDTCRA                            MG82F6D17_WIZARD
     000000BC  _PSL                               MG82F6D17_WIZARD
     000000BC  _PWMCR                             MG82F6D17_WIZARD
     000000BD  _CRC0DA                            MG82F6D17_WIZARD
     000000BD  _PT2L                              MG82F6D17_WIZARD
     000000BE  _PX2L                              MG82F6D17_WIZARD
     000000BE  _RTCCR                             MG82F6D17_WIZARD
     000000BF  _CKCON1                            MG82F6D17_WIZARD
     000000C0  _IT2                               MG82F6D17_WIZARD
     000000C0  _XICON                             MG82F6D17_WIZARD
     000000C1  _IE2                               MG82F6D17_WIZARD
     000000C1  _XICFG                             MG82F6D17_WIZARD
     000000C1  _XICFG1                            MG82F6D17_WIZARD
     000000C2  _EX2                               MG82F6D17_WIZARD
     000000C2  _INT2H                             MG82F6D17_WIZARD
     000000C3  _ADCFG0                            MG82F6D17_WIZARD
     000000C3  _ADCFG1                            MG82F6D17_WIZARD
     000000C3  _ADCFG11                           MG82F6D17_WIZARD
ASxxxx Linker V03.00 + NoICE + sdld,  page 6.
Hexadecimal  [32-Bits]

Area                                    Addr        Size        Decimal Bytes (Attributes)
--------------------------------        ----        ----        ------- ----- ------------
.  .ABS.                            00000000    00000000 =           0. bytes (ABS,CON)

      Value  Global                              Global Defined In Module
      -----  --------------------------------   ------------------------
     000000C3  _ADCFG12                           MG82F6D17_WIZARD
     000000C3  _ADCFG13                           MG82F6D17_WIZARD
     000000C3  _ADCFG14                           MG82F6D17_WIZARD
     000000C3  _ADCFG2                            MG82F6D17_WIZARD
     000000C3  _ADCFG3                            MG82F6D17_WIZARD
     000000C3  _ADCFG4                            MG82F6D17_WIZARD
     000000C3  _ADCFG5                            MG82F6D17_WIZARD
     000000C4  _ADCON0                            MG82F6D17_WIZARD
     000000C5  _ADCDL                             MG82F6D17_WIZARD
     000000C6  _ADCDH                             MG82F6D17_WIZARD
     000000C7  _CKCON0                            MG82F6D17_WIZARD
     000000C8  _CP_RL2                            MG82F6D17_WIZARD
     000000C8  _CP_RL3                            MG82F6D17_WIZARD
     000000C8  _T2CON                             MG82F6D17_WIZARD
     000000C8  _T3CON                             MG82F6D17_WIZARD
     000000C8  _T5CON                             MG82F6D17_WIZARD
     000000C8  _T5GAT0                            MG82F6D17_WIZARD
     000000C8  _T6CON                             MG82F6D17_WIZARD
     000000C8  _T6GAT0                            MG82F6D17_WIZARD
     000000C9  _C_T2                              MG82F6D17_WIZARD
     000000C9  _C_T3                              MG82F6D17_WIZARD
     000000C9  _T2MOD                             MG82F6D17_WIZARD
     000000C9  _T3MOD                             MG82F6D17_WIZARD
     000000C9  _T5GAT1                            MG82F6D17_WIZARD
     000000C9  _T6GAT1                            MG82F6D17_WIZARD
     000000CA  _RCAP2L                            MG82F6D17_WIZARD
     000000CA  _RCAP3L                            MG82F6D17_WIZARD
     000000CA  _TLR5                              MG82F6D17_WIZARD
     000000CA  _TLR6                              MG82F6D17_WIZARD
     000000CA  _TR2                               MG82F6D17_WIZARD
     000000CA  _TR3                               MG82F6D17_WIZARD
     000000CA  _TR5                               MG82F6D17_WIZARD
     000000CA  _TR6                               MG82F6D17_WIZARD
     000000CB  _EXEN2                             MG82F6D17_WIZARD
     000000CB  _EXEN3                             MG82F6D17_WIZARD
     000000CB  _RCAP2H                            MG82F6D17_WIZARD
     000000CB  _RCAP3H                            MG82F6D17_WIZARD
     000000CB  _T51E                              MG82F6D17_WIZARD
     000000CB  _T61E                              MG82F6D17_WIZARD
     000000CB  _THR5                              MG82F6D17_WIZARD
     000000CB  _THR6                              MG82F6D17_WIZARD
     000000CC  _T5CKS0                            MG82F6D17_WIZARD
     000000CC  _T6CKS0                            MG82F6D17_WIZARD
     000000CC  _TCLK_TL2IE                        MG82F6D17_WIZARD
     000000CC  _TL2                               MG82F6D17_WIZARD
     000000CC  _TL3                               MG82F6D17_WIZARD
     000000CC  _TL3IE                             MG82F6D17_WIZARD
     000000CC  _TL5                               MG82F6D17_WIZARD
     000000CC  _TL6                               MG82F6D17_WIZARD
     000000CD  _RCLK_TF2L                         MG82F6D17_WIZARD
     000000CD  _T5CKS1                            MG82F6D17_WIZARD
ASxxxx Linker V03.00 + NoICE + sdld,  page 7.
Hexadecimal  [32-Bits]

Area                                    Addr        Size        Decimal Bytes (Attributes)
--------------------------------        ----        ----        ------- ----- ------------
.  .ABS.                            00000000    00000000 =           0. bytes (ABS,CON)

      Value  Global                              Global Defined In Module
      -----  --------------------------------   ------------------------
     000000CD  _T6CKS1                            MG82F6D17_WIZARD
     000000CD  _TF3L                              MG82F6D17_WIZARD
     000000CD  _TH2                               MG82F6D17_WIZARD
     000000CD  _TH3                               MG82F6D17_WIZARD
     000000CD  _TH5                               MG82F6D17_WIZARD
     000000CD  _TH6                               MG82F6D17_WIZARD
     000000CE  _CLRL                              MG82F6D17_WIZARD
     000000CE  _EXF2                              MG82F6D17_WIZARD
     000000CE  _EXF3                              MG82F6D17_WIZARD
     000000CF  _CHRL                              MG82F6D17_WIZARD
     000000CF  _TF2                               MG82F6D17_WIZARD
     000000CF  _TF3                               MG82F6D17_WIZARD
     000000CF  _TF5                               MG82F6D17_WIZARD
     000000CF  _TF6                               MG82F6D17_WIZARD
     000000D0  _P                                 MG82F6D17_WIZARD
     000000D0  _PSW                               MG82F6D17_WIZARD
     000000D1  _F1                                MG82F6D17_WIZARD
     000000D1  _SIADR                             MG82F6D17_WIZARD
     000000D2  _OV                                MG82F6D17_WIZARD
     000000D2  _SIDAT                             MG82F6D17_WIZARD
     000000D3  _RS0                               MG82F6D17_WIZARD
     000000D3  _SISTA                             MG82F6D17_WIZARD
     000000D4  _RS1                               MG82F6D17_WIZARD
     000000D4  _SICON                             MG82F6D17_WIZARD
     000000D5  _F0                                MG82F6D17_WIZARD
     000000D5  _KBPATN                            MG82F6D17_WIZARD
     000000D6  _AC                                MG82F6D17_WIZARD
     000000D6  _KBCON                             MG82F6D17_WIZARD
     000000D7  _CY                                MG82F6D17_WIZARD
     000000D7  _KBMASK                            MG82F6D17_WIZARD
     000000D8  _CCF0                              MG82F6D17_WIZARD
     000000D8  _CCON                              MG82F6D17_WIZARD
     000000D9  _CCF1                              MG82F6D17_WIZARD
     000000D9  _CMOD                              MG82F6D17_WIZARD
     000000DA  _CCAPM0                            MG82F6D17_WIZARD
     000000DA  _CCAPM6                            MG82F6D17_WIZARD
     000000DA  _CCF2                              MG82F6D17_WIZARD
     000000DB  _CCAPM1                            MG82F6D17_WIZARD
     000000DB  _CCAPM7                            MG82F6D17_WIZARD
     000000DB  _CCF3                              MG82F6D17_WIZARD
     000000DC  _CCAPM2                            MG82F6D17_WIZARD
     000000DC  _CCF4                              MG82F6D17_WIZARD
     000000DD  _CCAPM3                            MG82F6D17_WIZARD
     000000DD  _CCF5                              MG82F6D17_WIZARD
     000000DE  _CCAPM4                            MG82F6D17_WIZARD
     000000DE  _CR                                MG82F6D17_WIZARD
     000000DF  _CCAPM5                            MG82F6D17_WIZARD
     000000DF  _CF                                MG82F6D17_WIZARD
     000000E0  _ACC                               MG82F6D17_WIZARD
     000000E0  _ACC0                              MG82F6D17_WIZARD
     000000E1  _ACC1                              MG82F6D17_WIZARD
ASxxxx Linker V03.00 + NoICE + sdld,  page 8.
Hexadecimal  [32-Bits]

Area                                    Addr        Size        Decimal Bytes (Attributes)
--------------------------------        ----        ----        ------- ----- ------------
.  .ABS.                            00000000    00000000 =           0. bytes (ABS,CON)

      Value  Global                              Global Defined In Module
      -----  --------------------------------   ------------------------
     000000E1  _WDTCR                             MG82F6D17_WIZARD
     000000E2  _ACC2                              MG82F6D17_WIZARD
     000000E2  _IFD                               MG82F6D17_WIZARD
     000000E3  _ACC3                              MG82F6D17_WIZARD
     000000E3  _IFADRH                            MG82F6D17_WIZARD
     000000E4  _ACC4                              MG82F6D17_WIZARD
     000000E4  _IFADRL                            MG82F6D17_WIZARD
     000000E5  _ACC5                              MG82F6D17_WIZARD
     000000E5  _IFMT                              MG82F6D17_WIZARD
     000000E6  _ACC6                              MG82F6D17_WIZARD
     000000E6  _SCMD                              MG82F6D17_WIZARD
     000000E7  _ACC7                              MG82F6D17_WIZARD
     000000E7  _ISPCR                             MG82F6D17_WIZARD
     000000E8  _P4                                MG82F6D17_WIZARD
     000000E9  _CL                                MG82F6D17_WIZARD
     000000EA  _CCAP0L                            MG82F6D17_WIZARD
     000000EA  _CCAP6L                            MG82F6D17_WIZARD
     000000EB  _CCAP1L                            MG82F6D17_WIZARD
     000000EB  _CCAP7L                            MG82F6D17_WIZARD
     000000EC  _CCAP2L                            MG82F6D17_WIZARD
     000000EC  _P44                               MG82F6D17_WIZARD
     000000ED  _CCAP3L                            MG82F6D17_WIZARD
     000000ED  _P45                               MG82F6D17_WIZARD
     000000EE  _CCAP4L                            MG82F6D17_WIZARD
     000000EF  _CCAP5L                            MG82F6D17_WIZARD
     000000EF  _P47                               MG82F6D17_WIZARD
     000000F0  _B                                 MG82F6D17_WIZARD
     000000F0  _B0                                MG82F6D17_WIZARD
     000000F1  _B1                                MG82F6D17_WIZARD
     000000F1  _PAOE                              MG82F6D17_WIZARD
     000000F2  _B2                                MG82F6D17_WIZARD
     000000F2  _PCAPWM0                           MG82F6D17_WIZARD
     000000F2  _PCAPWM6                           MG82F6D17_WIZARD
     000000F3  _B3                                MG82F6D17_WIZARD
     000000F3  _PCAPWM1                           MG82F6D17_WIZARD
     000000F3  _PCAPWM7                           MG82F6D17_WIZARD
     000000F4  _B4                                MG82F6D17_WIZARD
     000000F4  _PCAPWM2                           MG82F6D17_WIZARD
     000000F5  _B5                                MG82F6D17_WIZARD
     000000F5  _PCAPWM3                           MG82F6D17_WIZARD
     000000F6  _B6                                MG82F6D17_WIZARD
     000000F6  _PCAPWM4                           MG82F6D17_WIZARD
     000000F7  _B7                                MG82F6D17_WIZARD
     000000F7  _PCAPWM5                           MG82F6D17_WIZARD
     000000F8  _P6                                MG82F6D17_WIZARD
     000000F8  _P60                               MG82F6D17_WIZARD
     000000F9  _CH                                MG82F6D17_WIZARD
     000000F9  _P61                               MG82F6D17_WIZARD
     000000FA  _CCAP0H                            MG82F6D17_WIZARD
     000000FA  _CCAP6H                            MG82F6D17_WIZARD
     000000FB  _CCAP1H                            MG82F6D17_WIZARD
ASxxxx Linker V03.00 + NoICE + sdld,  page 9.
Hexadecimal  [32-Bits]

Area                                    Addr        Size        Decimal Bytes (Attributes)
--------------------------------        ----        ----        ------- ----- ------------
.  .ABS.                            00000000    00000000 =           0. bytes (ABS,CON)

      Value  Global                              Global Defined In Module
      -----  --------------------------------   ------------------------
     000000FB  _CCAP7H                            MG82F6D17_WIZARD
     000000FC  _CCAP2H                            MG82F6D17_WIZARD
     000000FD  _CCAP3H                            MG82F6D17_WIZARD
     000000FE  _CCAP4H                            MG82F6D17_WIZARD
     000000FF  _CCAP5H                            MG82F6D17_WIZARD

ASxxxx Linker V03.00 + NoICE + sdld,  page 10.
Hexadecimal  [32-Bits]

Area                                    Addr        Size        Decimal Bytes (Attributes)
--------------------------------        ----        ----        ------- ----- ------------
BSEG_BYTES                          00000020    00000001 =           1. bytes (REL,CON)

      Value  Global                              Global Defined In Module
      -----  --------------------------------   ------------------------
ASxxxx Linker V03.00 + NoICE + sdld,  page 11.
Hexadecimal  [32-Bits]

Area                                    Addr        Size        Decimal Bytes (Attributes)
--------------------------------        ----        ----        ------- ----- ------------
REG_BANK_0                          00000000    00000008 =           8. bytes (REL,OVR)

      Value  Global                              Global Defined In Module
      -----  --------------------------------   ------------------------
ASxxxx Linker V03.00 + NoICE + sdld,  page 12.
Hexadecimal  [32-Bits]

Area                                    Addr        Size        Decimal Bytes (Attributes)
--------------------------------        ----        ----        ------- ----- ------------
DSEG                                00000000    00000059 =          89. bytes (REL,CON)

      Value  Global                              Global Defined In Module
      -----  --------------------------------   ------------------------
     00000030  _mstate                            main
     00000031  _action                            main
     00000032  _hold_count                        main
     00000034  _timer_count                       main
     00000036  _toggle_count                      main
     00000038  _run_duty                          main
     0000003A  _debounce_counter                  main

ASxxxx Linker V03.00 + NoICE + sdld,  page 13.
Hexadecimal  [32-Bits]

Area                                    Addr        Size        Decimal Bytes (Attributes)
--------------------------------        ----        ----        ------- ----- ------------
OSEG                                0000003B    00000002 =           2. bytes (REL,OVR)

      Value  Global                              Global Defined In Module
      -----  --------------------------------   ------------------------
     0000003B  _DRV_PageP_Write_PARM_2            MG82F6D17_COMMON_DRV
     0000003B  __divsint_PARM_2                   _divuint
     0000003B  __divuint_PARM_2                   _divuint
     0000003B  __mulint_PARM_2                    _mulint

ASxxxx Linker V03.00 + NoICE + sdld,  page 14.
Hexadecimal  [32-Bits]

Area                                    Addr        Size        Decimal Bytes (Attributes)
--------------------------------        ----        ----        ------- ----- ------------
SSEG                                0000003D    000000C3 =         195. bytes (REL,OVR)

      Value  Global                              Global Defined In Module
      -----  --------------------------------   ------------------------
     0000003D  __start__stack                     main

ASxxxx Linker V03.00 + NoICE + sdld,  page 15.
Hexadecimal  [32-Bits]

Area                                    Addr        Size        Decimal Bytes (Attributes)
--------------------------------        ----        ----        ------- ----- ------------
HOME                                00000000    00000021 =          33. bytes (REL,CON,CODE)

      Value  Global                              Global Defined In Module
      -----  --------------------------------   ------------------------
C:   0000001E  __sdcc_program_startup             main

ASxxxx Linker V03.00 + NoICE + sdld,  page 16.
Hexadecimal  [32-Bits]

Area                                    Addr        Size        Decimal Bytes (Attributes)
--------------------------------        ----        ----        ------- ----- ------------
GSINIT0                             00000021    00000003 =           3. bytes (REL,CON,CODE)

      Value  Global                              Global Defined In Module
      -----  --------------------------------   ------------------------
C:   00000021  __sdcc_gsinit_startup              

ASxxxx Linker V03.00 + NoICE + sdld,  page 17.
Hexadecimal  [32-Bits]

Area                                    Addr        Size        Decimal Bytes (Attributes)
--------------------------------        ----        ----        ------- ----- ------------
GSINIT2                             00000024    0000000A =          10. bytes (REL,CON,CODE)

      Value  Global                              Global Defined In Module
      -----  --------------------------------   ------------------------
ASxxxx Linker V03.00 + NoICE + sdld,  page 18.
Hexadecimal  [32-Bits]

Area                                    Addr        Size        Decimal Bytes (Attributes)
--------------------------------        ----        ----        ------- ----- ------------
GSINIT3                             0000002E    00000022 =          34. bytes (REL,CON,CODE)

      Value  Global                              Global Defined In Module
      -----  --------------------------------   ------------------------
C:   0000002E  __mcs51_genXINIT                   

ASxxxx Linker V03.00 + NoICE + sdld,  page 19.
Hexadecimal  [32-Bits]

Area                                    Addr        Size        Decimal Bytes (Attributes)
--------------------------------        ----        ----        ------- ----- ------------
GSINIT4                             00000050    0000002A =          42. bytes (REL,CON,CODE)

      Value  Global                              Global Defined In Module
      -----  --------------------------------   ------------------------
C:   00000050  __mcs51_genRAMCLEAR                
C:   00000056  __mcs51_genXRAMCLEAR               

ASxxxx Linker V03.00 + NoICE + sdld,  page 20.
Hexadecimal  [32-Bits]

Area                                    Addr        Size        Decimal Bytes (Attributes)
--------------------------------        ----        ----        ------- ----- ------------
GSINIT                              0000007A    0000001D =          29. bytes (REL,CON,CODE)

      Value  Global                              Global Defined In Module
      -----  --------------------------------   ------------------------
ASxxxx Linker V03.00 + NoICE + sdld,  page 21.
Hexadecimal  [32-Bits]

Area                                    Addr        Size        Decimal Bytes (Attributes)
--------------------------------        ----        ----        ------- ----- ------------
GSFINAL                             00000097    00000003 =           3. bytes (REL,CON,CODE)

      Value  Global                              Global Defined In Module
      -----  --------------------------------   ------------------------
ASxxxx Linker V03.00 + NoICE + sdld,  page 22.
Hexadecimal  [32-Bits]

Area                                    Addr        Size        Decimal Bytes (Attributes)
--------------------------------        ----        ----        ------- ----- ------------
CSEG                                0000009A    000003D1 =         977. bytes (REL,CON,CODE)

      Value  Global                              Global Defined In Module
      -----  --------------------------------   ------------------------
C:   0000009A  _main                              main
C:   00000181  _setup_pwm                         main
C:   000001A9  _set_duty                          main
C:   000001E6  _gpio_init                         main
C:   000001F6  _timer1_init                       main
C:   00000209  _timer1_ISR                        main
C:   000002E4  _DRV_PageP_Write                   MG82F6D17_COMMON_DRV
C:   00000301  _DRV_PageP_Read                    MG82F6D17_COMMON_DRV
C:   0000031E  _System_Init                       MG82F6D17_WIZARD
C:   00000421  __divuint                          _divuint
C:   0000044A  __mulint                           _mulint
C:   0000044A  __mulint_dummy                     _mulint
C:   00000467  __sdcc_external_startup            _startup

ASxxxx Linker V03.00 + NoICE + sdld,  page 23.

Files Linked                              [ module(s) ]

rel/main.rel                              [  ]
./rel/MG82F6D17_COMMON_DRV.rel            [  ]
./rel/MG82F6D17_IAP_DRV.rel               [  ]
./rel/MG82F6D17_INTERRUPT.rel             [  ]
./rel/MG82F6D17_WIZARD.rel                [  ]


Libraries Linked                          [ object file ]

/usr/share/sdcc/lib/small/libint.lib      [ _divuint.rel ]
/usr/share/sdcc/lib/small/mcs51.lib       [ crtclear.rel ]
/usr/share/sdcc/lib/small/mcs51.lib       [ crtxinit.rel ]
/usr/share/sdcc/lib/small/libint.lib      [ _mulint.rel ]
/usr/share/sdcc/lib/small/mcs51.lib       [ crtxclear.rel ]
/usr/share/sdcc/lib/small/mcs51.lib       [ crtpagesfr.rel ]
/usr/share/sdcc/lib/small/mcs51.lib       [ crtstart.rel ]
/usr/share/sdcc/lib/small/libsdcc.lib     [ _startup.rel ]

ASxxxx Linker V03.00 + NoICE + sdld,  page 24.

User Base Address Definitions

HOME = 0x0000
DSEG = 0x0030
ISEG = 0x0000
BSEG = 0x0000

